{"name":"untyped extsign::f3(extsign* this)","description":null,"nodes":[{"id":0,"subNodes":[1,2],"text":"x = 100"},{"id":1,"text":"x"},{"id":2,"text":"100"},{"id":3,"subNodes":[4,5],"text":"!=(x, 0)"},{"id":4,"text":"x"},{"id":5,"text":"0"},{"id":6,"subNodes":[7,10],"text":"==(%(x, 3), 0)"},{"id":7,"subNodes":[8,9],"text":"%(x, 3)"},{"id":8,"text":"x"},{"id":9,"text":"3"},{"id":10,"text":"0"},{"id":11,"subNodes":[12,13],"text":"x = /(x, 3)"},{"id":12,"text":"x"},{"id":13,"subNodes":[14,15],"text":"/(x, 3)"},{"id":14,"text":"x"},{"id":15,"text":"3"},{"id":16,"subNodes":[17,18],"text":"x = -(/(x, -2))"},{"id":17,"text":"x"},{"id":18,"subNodes":[19],"text":"-(/(x, -2))"},{"id":19,"subNodes":[20,21],"text":"/(x, -2)"},{"id":20,"text":"x"},{"id":21,"text":"-2"},{"id":22,"subNodes":[23,24],"text":"y = *(x, -(x))"},{"id":23,"text":"y"},{"id":24,"subNodes":[25,26],"text":"*(x, -(x))"},{"id":25,"text":"x"},{"id":26,"subNodes":[27],"text":"-(x)"},{"id":27,"text":"x"},{"id":28,"text":"ret"}],"edges":[{"sourceId":0,"destId":3,"kind":"SequentialEdge"},{"sourceId":3,"destId":6,"kind":"TrueEdge"},{"sourceId":3,"destId":22,"kind":"FalseEdge"},{"sourceId":6,"destId":11,"kind":"TrueEdge"},{"sourceId":6,"destId":16,"kind":"FalseEdge"},{"sourceId":11,"destId":3,"kind":"SequentialEdge"},{"sourceId":16,"destId":3,"kind":"SequentialEdge"},{"sourceId":22,"destId":28,"kind":"SequentialEdge"}],"descriptions":[{"nodeId":0,"description":{"expressions":["x"],"state":{"heap":"monolith","type":{"map":{"this":["extsign*"],"x":["int32"]},"stack":["int32"]},"value":{"map":{"x":"+"},"stack":"+"}}}},{"nodeId":1,"description":{"expressions":["x"],"state":{"heap":"monolith","type":{"map":{"this":["extsign*"]},"stack":"#TOP#"},"value":{"map":"empty","stack":"_|_"}}}},{"nodeId":2,"description":{"expressions":["100"],"state":{"heap":"monolith","type":{"map":{"this":["extsign*"]},"stack":["int32"]},"value":{"map":"empty","stack":"+"}}}},{"nodeId":3,"description":{"expressions":["x != 0"],"state":{"heap":"monolith","type":{"map":{"this":["extsign*"],"x":["int32"]},"stack":["bool"]},"value":{"map":{"x":"+"},"stack":"#TOP#"}}}},{"nodeId":4,"description":{"expressions":["x"],"state":{"heap":"monolith","type":{"map":{"this":["extsign*"],"x":["int32"]},"stack":["int32"]},"value":{"map":{"x":"+"},"stack":"+"}}}},{"nodeId":5,"description":{"expressions":["0"],"state":{"heap":"monolith","type":{"map":{"this":["extsign*"],"x":["int32"]},"stack":["int32"]},"value":{"map":{"x":"+"},"stack":"0"}}}},{"nodeId":6,"description":{"expressions":["x % 3 == 0"],"state":{"heap":"monolith","type":{"map":{"this":["extsign*"],"x":["int32"]},"stack":["bool"]},"value":{"map":{"x":"+"},"stack":"#TOP#"}}}},{"nodeId":7,"description":{"expressions":["x % 3"],"state":{"heap":"monolith","type":{"map":{"this":["extsign*"],"x":["int32"]},"stack":["int32"]},"value":{"map":{"x":"+"},"stack":"#TOP#"}}}},{"nodeId":8,"description":{"expressions":["x"],"state":{"heap":"monolith","type":{"map":{"this":["extsign*"],"x":["int32"]},"stack":["int32"]},"value":{"map":{"x":"+"},"stack":"+"}}}},{"nodeId":9,"description":{"expressions":["3"],"state":{"heap":"monolith","type":{"map":{"this":["extsign*"],"x":["int32"]},"stack":["int32"]},"value":{"map":{"x":"+"},"stack":"+"}}}},{"nodeId":10,"description":{"expressions":["0"],"state":{"heap":"monolith","type":{"map":{"this":["extsign*"],"x":["int32"]},"stack":["int32"]},"value":{"map":{"x":"+"},"stack":"0"}}}},{"nodeId":11,"description":{"expressions":["x"],"state":{"heap":"monolith","type":{"map":{"this":["extsign*"],"x":["int32"]},"stack":["int32"]},"value":{"map":{"x":"+"},"stack":"+"}}}},{"nodeId":12,"description":{"expressions":["x"],"state":{"heap":"monolith","type":{"map":{"this":["extsign*"],"x":["int32"]},"stack":["int32"]},"value":{"map":{"x":"+"},"stack":"+"}}}},{"nodeId":13,"description":{"expressions":["x / 3"],"state":{"heap":"monolith","type":{"map":{"this":["extsign*"],"x":["int32"]},"stack":["int32"]},"value":{"map":{"x":"+"},"stack":"+"}}}},{"nodeId":14,"description":{"expressions":["x"],"state":{"heap":"monolith","type":{"map":{"this":["extsign*"],"x":["int32"]},"stack":["int32"]},"value":{"map":{"x":"+"},"stack":"+"}}}},{"nodeId":15,"description":{"expressions":["3"],"state":{"heap":"monolith","type":{"map":{"this":["extsign*"],"x":["int32"]},"stack":["int32"]},"value":{"map":{"x":"+"},"stack":"+"}}}},{"nodeId":16,"description":{"expressions":["x"],"state":{"heap":"monolith","type":{"map":{"this":["extsign*"],"x":["int32"]},"stack":["int32"]},"value":{"map":{"x":"+"},"stack":"+"}}}},{"nodeId":17,"description":{"expressions":["x"],"state":{"heap":"monolith","type":{"map":{"this":["extsign*"],"x":["int32"]},"stack":["int32"]},"value":{"map":{"x":"+"},"stack":"+"}}}},{"nodeId":18,"description":{"expressions":["- x / -2"],"state":{"heap":"monolith","type":{"map":{"this":["extsign*"],"x":["int32"]},"stack":["int32"]},"value":{"map":{"x":"+"},"stack":"+"}}}},{"nodeId":19,"description":{"expressions":["x / -2"],"state":{"heap":"monolith","type":{"map":{"this":["extsign*"],"x":["int32"]},"stack":["int32"]},"value":{"map":{"x":"+"},"stack":"-"}}}},{"nodeId":20,"description":{"expressions":["x"],"state":{"heap":"monolith","type":{"map":{"this":["extsign*"],"x":["int32"]},"stack":["int32"]},"value":{"map":{"x":"+"},"stack":"+"}}}},{"nodeId":21,"description":{"expressions":["-2"],"state":{"heap":"monolith","type":{"map":{"this":["extsign*"],"x":["int32"]},"stack":["int32"]},"value":{"map":{"x":"+"},"stack":"-"}}}},{"nodeId":22,"description":{"expressions":["y"],"state":{"heap":"monolith","type":{"map":{"this":["extsign*"],"x":["int32"],"y":["int32"]},"stack":["int32"]},"value":{"map":{"x":"+","y":"-"},"stack":"-"}}}},{"nodeId":23,"description":{"expressions":["y"],"state":{"heap":"monolith","type":{"map":{"this":["extsign*"],"x":["int32"]},"stack":"#TOP#"},"value":{"map":{"x":"+"},"stack":"_|_"}}}},{"nodeId":24,"description":{"expressions":["x * - x"],"state":{"heap":"monolith","type":{"map":{"this":["extsign*"],"x":["int32"]},"stack":["int32"]},"value":{"map":{"x":"+"},"stack":"-"}}}},{"nodeId":25,"description":{"expressions":["x"],"state":{"heap":"monolith","type":{"map":{"this":["extsign*"],"x":["int32"]},"stack":["int32"]},"value":{"map":{"x":"+"},"stack":"+"}}}},{"nodeId":26,"description":{"expressions":["- x"],"state":{"heap":"monolith","type":{"map":{"this":["extsign*"],"x":["int32"]},"stack":["int32"]},"value":{"map":{"x":"+"},"stack":"-"}}}},{"nodeId":27,"description":{"expressions":["x"],"state":{"heap":"monolith","type":{"map":{"this":["extsign*"],"x":["int32"]},"stack":["int32"]},"value":{"map":{"x":"+"},"stack":"+"}}}},{"nodeId":28,"description":{"expressions":["skip"],"state":{"heap":"monolith","type":{"map":{"this":["extsign*"],"x":["int32"],"y":["int32"]},"stack":"_|_"},"value":{"map":{"x":"+","y":"-"},"stack":"_|_"}}}}]}