{"name":"untyped extsign::f4(extsign* this)","description":null,"nodes":[{"id":0,"subNodes":[1,2],"text":"x = 0"},{"id":1,"text":"x"},{"id":2,"text":"0"},{"id":3,"text":"true"},{"id":4,"subNodes":[5,6],"text":"==(x, 0)"},{"id":5,"text":"x"},{"id":6,"text":"0"},{"id":7,"subNodes":[8,9],"text":"x = +(x, 1)"},{"id":8,"text":"x"},{"id":9,"subNodes":[10,11],"text":"+(x, 1)"},{"id":10,"text":"x"},{"id":11,"text":"1"},{"id":12,"subNodes":[13,14],"text":"x = /(x, -2)"},{"id":13,"text":"x"},{"id":14,"subNodes":[15,16],"text":"/(x, -2)"},{"id":15,"text":"x"},{"id":16,"text":"-2"},{"id":17,"subNodes":[18,19],"text":"y = *(x, 5)"},{"id":18,"text":"y"},{"id":19,"subNodes":[20,21],"text":"*(x, 5)"},{"id":20,"text":"x"},{"id":21,"text":"5"},{"id":22,"text":"ret"}],"edges":[{"sourceId":0,"destId":3,"kind":"SequentialEdge"},{"sourceId":3,"destId":4,"kind":"TrueEdge"},{"sourceId":3,"destId":17,"kind":"FalseEdge"},{"sourceId":4,"destId":7,"kind":"TrueEdge"},{"sourceId":4,"destId":12,"kind":"FalseEdge"},{"sourceId":7,"destId":3,"kind":"SequentialEdge"},{"sourceId":12,"destId":3,"kind":"SequentialEdge"},{"sourceId":17,"destId":22,"kind":"SequentialEdge"}],"descriptions":[{"nodeId":0,"description":{"expressions":["x"],"state":{"heap":"monolith","type":{"map":{"this":["extsign*"],"x":["int32"]},"stack":["int32"]},"value":{"map":{"x":"0"},"stack":"0"}}}},{"nodeId":1,"description":{"expressions":["x"],"state":{"heap":"monolith","type":{"map":{"this":["extsign*"]},"stack":"#TOP#"},"value":{"map":"empty","stack":"_|_"}}}},{"nodeId":2,"description":{"expressions":["0"],"state":{"heap":"monolith","type":{"map":{"this":["extsign*"]},"stack":["int32"]},"value":{"map":"empty","stack":"0"}}}},{"nodeId":3,"description":{"expressions":["true"],"state":{"heap":"monolith","type":{"map":{"this":["extsign*"],"x":["int32"]},"stack":["bool"]},"value":{"map":{"x":"#TOP#"},"stack":"#TOP#"}}}},{"nodeId":4,"description":{"expressions":["x == 0"],"state":{"heap":"monolith","type":{"map":{"this":["extsign*"],"x":["int32"]},"stack":["bool"]},"value":{"map":{"x":"#TOP#"},"stack":"#TOP#"}}}},{"nodeId":5,"description":{"expressions":["x"],"state":{"heap":"monolith","type":{"map":{"this":["extsign*"],"x":["int32"]},"stack":["int32"]},"value":{"map":{"x":"#TOP#"},"stack":"#TOP#"}}}},{"nodeId":6,"description":{"expressions":["0"],"state":{"heap":"monolith","type":{"map":{"this":["extsign*"],"x":["int32"]},"stack":["int32"]},"value":{"map":{"x":"#TOP#"},"stack":"0"}}}},{"nodeId":7,"description":{"expressions":["x"],"state":{"heap":"monolith","type":{"map":{"this":["extsign*"],"x":["int32"]},"stack":["int32"]},"value":{"map":{"x":"#TOP#"},"stack":"#TOP#"}}}},{"nodeId":8,"description":{"expressions":["x"],"state":{"heap":"monolith","type":{"map":{"this":["extsign*"],"x":["int32"]},"stack":["int32"]},"value":{"map":{"x":"#TOP#"},"stack":"#TOP#"}}}},{"nodeId":9,"description":{"expressions":["x + 1"],"state":{"heap":"monolith","type":{"map":{"this":["extsign*"],"x":["int32"]},"stack":["int32"]},"value":{"map":{"x":"#TOP#"},"stack":"#TOP#"}}}},{"nodeId":10,"description":{"expressions":["x"],"state":{"heap":"monolith","type":{"map":{"this":["extsign*"],"x":["int32"]},"stack":["int32"]},"value":{"map":{"x":"#TOP#"},"stack":"#TOP#"}}}},{"nodeId":11,"description":{"expressions":["1"],"state":{"heap":"monolith","type":{"map":{"this":["extsign*"],"x":["int32"]},"stack":["int32"]},"value":{"map":{"x":"#TOP#"},"stack":"+"}}}},{"nodeId":12,"description":{"expressions":["x"],"state":{"heap":"monolith","type":{"map":{"this":["extsign*"],"x":["int32"]},"stack":["int32"]},"value":{"map":{"x":"#TOP#"},"stack":"#TOP#"}}}},{"nodeId":13,"description":{"expressions":["x"],"state":{"heap":"monolith","type":{"map":{"this":["extsign*"],"x":["int32"]},"stack":["int32"]},"value":{"map":{"x":"#TOP#"},"stack":"#TOP#"}}}},{"nodeId":14,"description":{"expressions":["x / -2"],"state":{"heap":"monolith","type":{"map":{"this":["extsign*"],"x":["int32"]},"stack":["int32"]},"value":{"map":{"x":"#TOP#"},"stack":"#TOP#"}}}},{"nodeId":15,"description":{"expressions":["x"],"state":{"heap":"monolith","type":{"map":{"this":["extsign*"],"x":["int32"]},"stack":["int32"]},"value":{"map":{"x":"#TOP#"},"stack":"#TOP#"}}}},{"nodeId":16,"description":{"expressions":["-2"],"state":{"heap":"monolith","type":{"map":{"this":["extsign*"],"x":["int32"]},"stack":["int32"]},"value":{"map":{"x":"#TOP#"},"stack":"-"}}}},{"nodeId":17,"description":{"expressions":["y"],"state":{"heap":"monolith","type":{"map":{"this":["extsign*"],"x":["int32"],"y":["int32"]},"stack":["int32"]},"value":{"map":{"x":"#TOP#","y":"#TOP#"},"stack":"#TOP#"}}}},{"nodeId":18,"description":{"expressions":["y"],"state":{"heap":"monolith","type":{"map":{"this":["extsign*"],"x":["int32"]},"stack":"#TOP#"},"value":{"map":{"x":"#TOP#"},"stack":"_|_"}}}},{"nodeId":19,"description":{"expressions":["x * 5"],"state":{"heap":"monolith","type":{"map":{"this":["extsign*"],"x":["int32"]},"stack":["int32"]},"value":{"map":{"x":"#TOP#"},"stack":"#TOP#"}}}},{"nodeId":20,"description":{"expressions":["x"],"state":{"heap":"monolith","type":{"map":{"this":["extsign*"],"x":["int32"]},"stack":["int32"]},"value":{"map":{"x":"#TOP#"},"stack":"#TOP#"}}}},{"nodeId":21,"description":{"expressions":["5"],"state":{"heap":"monolith","type":{"map":{"this":["extsign*"],"x":["int32"]},"stack":["int32"]},"value":{"map":{"x":"#TOP#"},"stack":"+"}}}},{"nodeId":22,"description":{"expressions":["skip"],"state":{"heap":"monolith","type":{"map":{"this":["extsign*"],"x":["int32"],"y":["int32"]},"stack":"_|_"},"value":{"map":{"x":"#TOP#","y":"#TOP#"},"stack":"_|_"}}}}]}