{"name":"untyped extsign::f1(extsign* this)","description":null,"nodes":[{"id":0,"subNodes":[1,2],"text":"a = -1"},{"id":1,"text":"a"},{"id":2,"text":"-1"},{"id":3,"subNodes":[4,5],"text":"b = 0"},{"id":4,"text":"b"},{"id":5,"text":"0"},{"id":6,"subNodes":[7,8],"text":"<(b, 10)"},{"id":7,"text":"b"},{"id":8,"text":"10"},{"id":9,"subNodes":[10,11],"text":"b = +(b, 1)"},{"id":10,"text":"b"},{"id":11,"subNodes":[12,13],"text":"+(b, 1)"},{"id":12,"text":"b"},{"id":13,"text":"1"},{"id":14,"subNodes":[15,16],"text":"a = -(a, 1)"},{"id":15,"text":"a"},{"id":16,"subNodes":[17,18],"text":"-(a, 1)"},{"id":17,"text":"a"},{"id":18,"text":"1"},{"id":19,"subNodes":[20],"text":"return b"},{"id":20,"text":"b"}],"edges":[{"sourceId":0,"destId":3,"kind":"SequentialEdge"},{"sourceId":3,"destId":6,"kind":"SequentialEdge"},{"sourceId":6,"destId":9,"kind":"TrueEdge"},{"sourceId":6,"destId":19,"kind":"FalseEdge"},{"sourceId":9,"destId":14,"kind":"SequentialEdge"},{"sourceId":14,"destId":6,"kind":"SequentialEdge"}],"descriptions":[{"nodeId":0,"description":{"expressions":["a"],"state":{"heap":"monolith","type":{"map":{"a":["int32"],"this":["extsign*"]},"stack":["int32"]},"value":{"map":{"a":"-"},"stack":"-"}}}},{"nodeId":1,"description":{"expressions":["a"],"state":{"heap":"monolith","type":{"map":{"this":["extsign*"]},"stack":"#TOP#"},"value":{"map":"empty","stack":"_|_"}}}},{"nodeId":2,"description":{"expressions":["-1"],"state":{"heap":"monolith","type":{"map":{"this":["extsign*"]},"stack":["int32"]},"value":{"map":"empty","stack":"-"}}}},{"nodeId":3,"description":{"expressions":["b"],"state":{"heap":"monolith","type":{"map":{"a":["int32"],"b":["int32"],"this":["extsign*"]},"stack":["int32"]},"value":{"map":{"a":"-","b":"0"},"stack":"0"}}}},{"nodeId":4,"description":{"expressions":["b"],"state":{"heap":"monolith","type":{"map":{"a":["int32"],"this":["extsign*"]},"stack":"#TOP#"},"value":{"map":{"a":"-"},"stack":"_|_"}}}},{"nodeId":5,"description":{"expressions":["0"],"state":{"heap":"monolith","type":{"map":{"a":["int32"],"this":["extsign*"]},"stack":["int32"]},"value":{"map":{"a":"-"},"stack":"0"}}}},{"nodeId":6,"description":{"expressions":["b < 10"],"state":{"heap":"monolith","type":{"map":{"a":["int32"],"b":["int32"],"this":["extsign*"]},"stack":["bool"]},"value":{"map":{"a":"-","b":"0+"},"stack":"#TOP#"}}}},{"nodeId":7,"description":{"expressions":["b"],"state":{"heap":"monolith","type":{"map":{"a":["int32"],"b":["int32"],"this":["extsign*"]},"stack":["int32"]},"value":{"map":{"a":"-","b":"0+"},"stack":"0+"}}}},{"nodeId":8,"description":{"expressions":["10"],"state":{"heap":"monolith","type":{"map":{"a":["int32"],"b":["int32"],"this":["extsign*"]},"stack":["int32"]},"value":{"map":{"a":"-","b":"0+"},"stack":"+"}}}},{"nodeId":9,"description":{"expressions":["b"],"state":{"heap":"monolith","type":{"map":{"a":["int32"],"b":["int32"],"this":["extsign*"]},"stack":["int32"]},"value":{"map":{"a":"-","b":"+"},"stack":"+"}}}},{"nodeId":10,"description":{"expressions":["b"],"state":{"heap":"monolith","type":{"map":{"a":["int32"],"b":["int32"],"this":["extsign*"]},"stack":["int32"]},"value":{"map":{"a":"-","b":"0+"},"stack":"0+"}}}},{"nodeId":11,"description":{"expressions":["b + 1"],"state":{"heap":"monolith","type":{"map":{"a":["int32"],"b":["int32"],"this":["extsign*"]},"stack":["int32"]},"value":{"map":{"a":"-","b":"0+"},"stack":"+"}}}},{"nodeId":12,"description":{"expressions":["b"],"state":{"heap":"monolith","type":{"map":{"a":["int32"],"b":["int32"],"this":["extsign*"]},"stack":["int32"]},"value":{"map":{"a":"-","b":"0+"},"stack":"0+"}}}},{"nodeId":13,"description":{"expressions":["1"],"state":{"heap":"monolith","type":{"map":{"a":["int32"],"b":["int32"],"this":["extsign*"]},"stack":["int32"]},"value":{"map":{"a":"-","b":"0+"},"stack":"+"}}}},{"nodeId":14,"description":{"expressions":["a"],"state":{"heap":"monolith","type":{"map":{"a":["int32"],"b":["int32"],"this":["extsign*"]},"stack":["int32"]},"value":{"map":{"a":"-","b":"+"},"stack":"-"}}}},{"nodeId":15,"description":{"expressions":["a"],"state":{"heap":"monolith","type":{"map":{"a":["int32"],"b":["int32"],"this":["extsign*"]},"stack":["int32"]},"value":{"map":{"a":"-","b":"+"},"stack":"-"}}}},{"nodeId":16,"description":{"expressions":["a - 1"],"state":{"heap":"monolith","type":{"map":{"a":["int32"],"b":["int32"],"this":["extsign*"]},"stack":["int32"]},"value":{"map":{"a":"-","b":"+"},"stack":"-"}}}},{"nodeId":17,"description":{"expressions":["a"],"state":{"heap":"monolith","type":{"map":{"a":["int32"],"b":["int32"],"this":["extsign*"]},"stack":["int32"]},"value":{"map":{"a":"-","b":"+"},"stack":"-"}}}},{"nodeId":18,"description":{"expressions":["1"],"state":{"heap":"monolith","type":{"map":{"a":["int32"],"b":["int32"],"this":["extsign*"]},"stack":["int32"]},"value":{"map":{"a":"-","b":"+"},"stack":"+"}}}},{"nodeId":19,"description":{"expressions":["ret_value@f1"],"state":{"heap":"monolith","type":{"map":{"a":["int32"],"b":["int32"],"ret_value@f1":["int32"],"this":["extsign*"]},"stack":["int32"]},"value":{"map":{"a":"-","b":"0+","ret_value@f1":"0+"},"stack":"0+"}}}},{"nodeId":20,"description":{"expressions":["b"],"state":{"heap":"monolith","type":{"map":{"a":["int32"],"b":["int32"],"this":["extsign*"]},"stack":["int32"]},"value":{"map":{"a":"-","b":"0+"},"stack":"0+"}}}}]}