{"name":"untyped extsign::f2(extsign* this)","description":null,"nodes":[{"id":0,"subNodes":[1,2],"text":"x = 0"},{"id":1,"text":"x"},{"id":2,"text":"0"},{"id":3,"subNodes":[4,5],"text":"y = 0"},{"id":4,"text":"y"},{"id":5,"text":"0"},{"id":6,"subNodes":[7,8],"text":"==(1, 2)"},{"id":7,"text":"1"},{"id":8,"text":"2"},{"id":9,"subNodes":[10,11],"text":"x = *(x, -1)"},{"id":10,"text":"x"},{"id":11,"subNodes":[12,13],"text":"*(x, -1)"},{"id":12,"text":"x"},{"id":13,"text":"-1"},{"id":14,"subNodes":[15,16],"text":"y = +(y, 1)"},{"id":15,"text":"y"},{"id":16,"subNodes":[17,18],"text":"+(y, 1)"},{"id":17,"text":"y"},{"id":18,"text":"1"},{"id":19,"subNodes":[20,21],"text":"x = *(x, -2)"},{"id":20,"text":"x"},{"id":21,"subNodes":[22,23],"text":"*(x, -2)"},{"id":22,"text":"x"},{"id":23,"text":"-2"},{"id":24,"subNodes":[25,26],"text":"y = +(y, 2)"},{"id":25,"text":"y"},{"id":26,"subNodes":[27,28],"text":"+(y, 2)"},{"id":27,"text":"y"},{"id":28,"text":"2"},{"id":29,"text":"ret"}],"edges":[{"sourceId":0,"destId":3,"kind":"SequentialEdge"},{"sourceId":3,"destId":6,"kind":"SequentialEdge"},{"sourceId":6,"destId":9,"kind":"TrueEdge"},{"sourceId":6,"destId":19,"kind":"FalseEdge"},{"sourceId":9,"destId":14,"kind":"SequentialEdge"},{"sourceId":14,"destId":29,"kind":"SequentialEdge"},{"sourceId":19,"destId":24,"kind":"SequentialEdge"},{"sourceId":24,"destId":29,"kind":"SequentialEdge"}],"descriptions":[{"nodeId":0,"description":{"expressions":["x"],"state":{"heap":"monolith","type":{"map":{"this":["extsign*"],"x":["int32"]},"stack":["int32"]},"value":{"map":{"x":"0"},"stack":"0"}}}},{"nodeId":1,"description":{"expressions":["x"],"state":{"heap":"monolith","type":{"map":{"this":["extsign*"]},"stack":"#TOP#"},"value":{"map":"empty","stack":"_|_"}}}},{"nodeId":2,"description":{"expressions":["0"],"state":{"heap":"monolith","type":{"map":{"this":["extsign*"]},"stack":["int32"]},"value":{"map":"empty","stack":"0"}}}},{"nodeId":3,"description":{"expressions":["y"],"state":{"heap":"monolith","type":{"map":{"this":["extsign*"],"x":["int32"],"y":["int32"]},"stack":["int32"]},"value":{"map":{"x":"0","y":"0"},"stack":"0"}}}},{"nodeId":4,"description":{"expressions":["y"],"state":{"heap":"monolith","type":{"map":{"this":["extsign*"],"x":["int32"]},"stack":"#TOP#"},"value":{"map":{"x":"0"},"stack":"_|_"}}}},{"nodeId":5,"description":{"expressions":["0"],"state":{"heap":"monolith","type":{"map":{"this":["extsign*"],"x":["int32"]},"stack":["int32"]},"value":{"map":{"x":"0"},"stack":"0"}}}},{"nodeId":6,"description":{"expressions":["1 == 2"],"state":{"heap":"monolith","type":{"map":{"this":["extsign*"],"x":["int32"],"y":["int32"]},"stack":["bool"]},"value":{"map":{"x":"0","y":"0"},"stack":"#TOP#"}}}},{"nodeId":7,"description":{"expressions":["1"],"state":{"heap":"monolith","type":{"map":{"this":["extsign*"],"x":["int32"],"y":["int32"]},"stack":["int32"]},"value":{"map":{"x":"0","y":"0"},"stack":"+"}}}},{"nodeId":8,"description":{"expressions":["2"],"state":{"heap":"monolith","type":{"map":{"this":["extsign*"],"x":["int32"],"y":["int32"]},"stack":["int32"]},"value":{"map":{"x":"0","y":"0"},"stack":"+"}}}},{"nodeId":9,"description":{"expressions":["x"],"state":{"heap":"monolith","type":{"map":{"this":["extsign*"],"x":["int32"],"y":["int32"]},"stack":["int32"]},"value":{"map":{"x":"0","y":"0"},"stack":"0"}}}},{"nodeId":10,"description":{"expressions":["x"],"state":{"heap":"monolith","type":{"map":{"this":["extsign*"],"x":["int32"],"y":["int32"]},"stack":["int32"]},"value":{"map":{"x":"0","y":"0"},"stack":"0"}}}},{"nodeId":11,"description":{"expressions":["x * -1"],"state":{"heap":"monolith","type":{"map":{"this":["extsign*"],"x":["int32"],"y":["int32"]},"stack":["int32"]},"value":{"map":{"x":"0","y":"0"},"stack":"0"}}}},{"nodeId":12,"description":{"expressions":["x"],"state":{"heap":"monolith","type":{"map":{"this":["extsign*"],"x":["int32"],"y":["int32"]},"stack":["int32"]},"value":{"map":{"x":"0","y":"0"},"stack":"0"}}}},{"nodeId":13,"description":{"expressions":["-1"],"state":{"heap":"monolith","type":{"map":{"this":["extsign*"],"x":["int32"],"y":["int32"]},"stack":["int32"]},"value":{"map":{"x":"0","y":"0"},"stack":"-"}}}},{"nodeId":14,"description":{"expressions":["y"],"state":{"heap":"monolith","type":{"map":{"this":["extsign*"],"x":["int32"],"y":["int32"]},"stack":["int32"]},"value":{"map":{"x":"0","y":"+"},"stack":"+"}}}},{"nodeId":15,"description":{"expressions":["y"],"state":{"heap":"monolith","type":{"map":{"this":["extsign*"],"x":["int32"],"y":["int32"]},"stack":["int32"]},"value":{"map":{"x":"0","y":"0"},"stack":"0"}}}},{"nodeId":16,"description":{"expressions":["y + 1"],"state":{"heap":"monolith","type":{"map":{"this":["extsign*"],"x":["int32"],"y":["int32"]},"stack":["int32"]},"value":{"map":{"x":"0","y":"0"},"stack":"+"}}}},{"nodeId":17,"description":{"expressions":["y"],"state":{"heap":"monolith","type":{"map":{"this":["extsign*"],"x":["int32"],"y":["int32"]},"stack":["int32"]},"value":{"map":{"x":"0","y":"0"},"stack":"0"}}}},{"nodeId":18,"description":{"expressions":["1"],"state":{"heap":"monolith","type":{"map":{"this":["extsign*"],"x":["int32"],"y":["int32"]},"stack":["int32"]},"value":{"map":{"x":"0","y":"0"},"stack":"+"}}}},{"nodeId":19,"description":{"expressions":["x"],"state":{"heap":"monolith","type":{"map":{"this":["extsign*"],"x":["int32"],"y":["int32"]},"stack":["int32"]},"value":{"map":{"x":"0","y":"0"},"stack":"0"}}}},{"nodeId":20,"description":{"expressions":["x"],"state":{"heap":"monolith","type":{"map":{"this":["extsign*"],"x":["int32"],"y":["int32"]},"stack":["int32"]},"value":{"map":{"x":"0","y":"0"},"stack":"0"}}}},{"nodeId":21,"description":{"expressions":["x * -2"],"state":{"heap":"monolith","type":{"map":{"this":["extsign*"],"x":["int32"],"y":["int32"]},"stack":["int32"]},"value":{"map":{"x":"0","y":"0"},"stack":"0"}}}},{"nodeId":22,"description":{"expressions":["x"],"state":{"heap":"monolith","type":{"map":{"this":["extsign*"],"x":["int32"],"y":["int32"]},"stack":["int32"]},"value":{"map":{"x":"0","y":"0"},"stack":"0"}}}},{"nodeId":23,"description":{"expressions":["-2"],"state":{"heap":"monolith","type":{"map":{"this":["extsign*"],"x":["int32"],"y":["int32"]},"stack":["int32"]},"value":{"map":{"x":"0","y":"0"},"stack":"-"}}}},{"nodeId":24,"description":{"expressions":["y"],"state":{"heap":"monolith","type":{"map":{"this":["extsign*"],"x":["int32"],"y":["int32"]},"stack":["int32"]},"value":{"map":{"x":"0","y":"+"},"stack":"+"}}}},{"nodeId":25,"description":{"expressions":["y"],"state":{"heap":"monolith","type":{"map":{"this":["extsign*"],"x":["int32"],"y":["int32"]},"stack":["int32"]},"value":{"map":{"x":"0","y":"0"},"stack":"0"}}}},{"nodeId":26,"description":{"expressions":["y + 2"],"state":{"heap":"monolith","type":{"map":{"this":["extsign*"],"x":["int32"],"y":["int32"]},"stack":["int32"]},"value":{"map":{"x":"0","y":"0"},"stack":"+"}}}},{"nodeId":27,"description":{"expressions":["y"],"state":{"heap":"monolith","type":{"map":{"this":["extsign*"],"x":["int32"],"y":["int32"]},"stack":["int32"]},"value":{"map":{"x":"0","y":"0"},"stack":"0"}}}},{"nodeId":28,"description":{"expressions":["2"],"state":{"heap":"monolith","type":{"map":{"this":["extsign*"],"x":["int32"],"y":["int32"]},"stack":["int32"]},"value":{"map":{"x":"0","y":"0"},"stack":"+"}}}},{"nodeId":29,"description":{"expressions":["skip"],"state":{"heap":"monolith","type":{"map":{"this":["extsign*"],"x":["int32"],"y":["int32"]},"stack":"_|_"},"value":{"map":{"x":"0","y":"+"},"stack":"_|_"}}}}]}