{"name":"untyped extsign::f0(extsign* this)","description":null,"nodes":[{"id":0,"subNodes":[1,2],"text":"i = 0"},{"id":1,"text":"i"},{"id":2,"text":"0"},{"id":3,"subNodes":[4,5],"text":"<(i, 10)"},{"id":4,"text":"i"},{"id":5,"text":"10"},{"id":6,"subNodes":[7,8],"text":"i = +(i, 1)"},{"id":7,"text":"i"},{"id":8,"subNodes":[9,10],"text":"+(i, 1)"},{"id":9,"text":"i"},{"id":10,"text":"1"},{"id":11,"subNodes":[12],"text":"return i"},{"id":12,"text":"i"}],"edges":[{"sourceId":0,"destId":3,"kind":"SequentialEdge"},{"sourceId":3,"destId":6,"kind":"TrueEdge"},{"sourceId":3,"destId":11,"kind":"FalseEdge"},{"sourceId":6,"destId":3,"kind":"SequentialEdge"}],"descriptions":[{"nodeId":0,"description":{"expressions":["i"],"state":{"heap":"monolith","type":{"map":{"i":["int32"],"this":["extsign*"]},"stack":["int32"]},"value":{"map":{"i":"0"},"stack":"0"}}}},{"nodeId":1,"description":{"expressions":["i"],"state":{"heap":"monolith","type":{"map":{"this":["extsign*"]},"stack":"#TOP#"},"value":{"map":"empty","stack":"_|_"}}}},{"nodeId":2,"description":{"expressions":["0"],"state":{"heap":"monolith","type":{"map":{"this":["extsign*"]},"stack":["int32"]},"value":{"map":"empty","stack":"0"}}}},{"nodeId":3,"description":{"expressions":["i < 10"],"state":{"heap":"monolith","type":{"map":{"i":["int32"],"this":["extsign*"]},"stack":["bool"]},"value":{"map":{"i":"0+"},"stack":"#TOP#"}}}},{"nodeId":4,"description":{"expressions":["i"],"state":{"heap":"monolith","type":{"map":{"i":["int32"],"this":["extsign*"]},"stack":["int32"]},"value":{"map":{"i":"0+"},"stack":"0+"}}}},{"nodeId":5,"description":{"expressions":["10"],"state":{"heap":"monolith","type":{"map":{"i":["int32"],"this":["extsign*"]},"stack":["int32"]},"value":{"map":{"i":"0+"},"stack":"+"}}}},{"nodeId":6,"description":{"expressions":["i"],"state":{"heap":"monolith","type":{"map":{"i":["int32"],"this":["extsign*"]},"stack":["int32"]},"value":{"map":{"i":"+"},"stack":"+"}}}},{"nodeId":7,"description":{"expressions":["i"],"state":{"heap":"monolith","type":{"map":{"i":["int32"],"this":["extsign*"]},"stack":["int32"]},"value":{"map":{"i":"0+"},"stack":"0+"}}}},{"nodeId":8,"description":{"expressions":["i + 1"],"state":{"heap":"monolith","type":{"map":{"i":["int32"],"this":["extsign*"]},"stack":["int32"]},"value":{"map":{"i":"0+"},"stack":"+"}}}},{"nodeId":9,"description":{"expressions":["i"],"state":{"heap":"monolith","type":{"map":{"i":["int32"],"this":["extsign*"]},"stack":["int32"]},"value":{"map":{"i":"0+"},"stack":"0+"}}}},{"nodeId":10,"description":{"expressions":["1"],"state":{"heap":"monolith","type":{"map":{"i":["int32"],"this":["extsign*"]},"stack":["int32"]},"value":{"map":{"i":"0+"},"stack":"+"}}}},{"nodeId":11,"description":{"expressions":["ret_value@f0"],"state":{"heap":"monolith","type":{"map":{"i":["int32"],"ret_value@f0":["int32"],"this":["extsign*"]},"stack":["int32"]},"value":{"map":{"i":"0+","ret_value@f0":"0+"},"stack":"0+"}}}},{"nodeId":12,"description":{"expressions":["i"],"state":{"heap":"monolith","type":{"map":{"i":["int32"],"this":["extsign*"]},"stack":["int32"]},"value":{"map":{"i":"0+"},"stack":"0+"}}}}]}