<html>
	<head>
		<title>untyped tutorial::basic(tutorial* this)</title>
		
		<meta charset="UTF-8">
		<meta name="viewport" content="width=device-width, user-scalable=no, initial-scale=1, maximum-scale=1" />
		
		<script src="js/cytoscape-3.21.1.min.js"></script>
		<script src="js/jquery-3.0.0.min.js"></script>
		<script src="js/cytoscape-graphml-1.0.6-hier.js"></script>
		
		<style>
		body {
			font-family: helvetica neue, helvetica, liberation sans, arial,
				sans-serif;
			font-size: 14px;
			background-color: white;
		}
		
		html, body, #full {
			height: 100%;
		}
		
		#full {
			display: flex;
			flex-direction: row;
		}
		
		#cy {
			flex-grow: 0.5;
			z-index: 10;
			max-width: 70%;
		}
		
		#header {
			position: fixed;
			z-index: 11;
			overflow-x: hidden;
		}
		
		#header div {
			background-color: #e2e2e2;
			padding: 20px 15px;
			margin-bottom: 10px;
		}
		
		#header div b {
			padding: 6px 0;
			color: #333333;
			display: block;
			cursor: pointer;
		}
		
		#header div span {
			padding: 6px 0;
			display: block;
		}
		
		#header div span label b {
			padding: 0;
			display: inline;
		}
		
		#header div span input {
			margin: 0;
		}
		#descriptions {
			flex-grow: 0.5;
			z-index: 11;
			overflow: auto;
			font-size: 18px;
			border-left: 2px solid #e2e2e2;
    		padding-left: 20px;
		}
		.description-header {
    		font-weight: bold;
		}
		#descriptions ul {
		    padding-left: inherit;
		    margin: 5px 0;
		}
		.description-nest {
			padding-left: 15px;
		}
		.header-hidden {
			display: none;
		}
		.description-title-wrapper {
    		margin-top: 0.83em;
    		margin-bottom: 0.83em;
		}
		.description-title {
		    font-size: 1.5em;
		    font-weight: bold;
		}
		.description-title-text {
		    font-size: 1.5em;
		    font-family: monospace;
		}
		#header-none {
    		margin-top: 0.83em;
    		margin-bottom: 0.83em;
		}
		.no-results {
   			border: solid 2px #FF0000;  
   			background-color: #FF000040;
		}
		</style>
	</head>

	<body>
		<h1>untyped tutorial::basic(tutorial* this)</h1>
		<h3></h3>
		<hr />
		<div id="full">
			<div id="header">
				<div>
					<b>Node border: <font color="darkgray">gray</font>, single</b> 
					<b>Entrypoint border: black, single</b> 
					<b>Exitpoint border: black, double</b> 
					<b>Sequential edge: black, solid</b> 
					<b>False edge: <font color="red">red</font>, solid</b> 
					<b>True edge: <font color="blue">blue</font>, solid</b>
				</div>
				<div>
					<input id="search" type="text" placeholder="Search node.."/>
					<input id="next" type="button" value="Next" disabled/>
					<input id="prev" type="button" value="Previous" disabled/>
					<b id="relayout">Run layout</b> 
					<b id="fit">Fit to viewport</b>
				</div>
			</div>
			<div id="cy"></div>
			<div id="descriptions">
				<div id="header-none">
				No node selected. Select a node to show its results.
				</div>
				<div id="header-node0" class="header-hidden">
					<div class="description-title-wrapper"><span class="description-title">Results for </span><span class="description-title-text">i = 2</span></div>
					<span class="description-header">expressions: </span>[i]<br/>
					<span class="description-header">state: </span><br/>
					<div class="description-nest">
						<span class="description-header">heap: </span>monolith<br/>
						<span class="description-header">type: </span><br/>
						<div class="description-nest">
							<span class="description-header">map: </span><br/>
							<div class="description-nest">
								<span class="description-header">i: </span>[int32]<br/>
								<span class="description-header">this: </span>[tutorial*]<br/>
							</div>
							<span class="description-header">stack: </span>[int32]<br/>
						</div>
						<span class="description-header">value: </span><br/>
						<div class="description-nest">
							<span class="description-header">map: </span><br/>
							<div class="description-nest">
								<span class="description-header">i: </span>+<br/>
							</div>
							<span class="description-header">stack: </span>+<br/>
						</div>
					</div>
				</div>
				<div id="header-node3" class="header-hidden">
					<div class="description-title-wrapper"><span class="description-title">Results for </span><span class="description-title-text">j = -10</span></div>
					<span class="description-header">expressions: </span>[j]<br/>
					<span class="description-header">state: </span><br/>
					<div class="description-nest">
						<span class="description-header">heap: </span>monolith<br/>
						<span class="description-header">type: </span><br/>
						<div class="description-nest">
							<span class="description-header">map: </span><br/>
							<div class="description-nest">
								<span class="description-header">i: </span>[int32]<br/>
								<span class="description-header">j: </span>[int32]<br/>
								<span class="description-header">this: </span>[tutorial*]<br/>
							</div>
							<span class="description-header">stack: </span>[int32]<br/>
						</div>
						<span class="description-header">value: </span><br/>
						<div class="description-nest">
							<span class="description-header">map: </span><br/>
							<div class="description-nest">
								<span class="description-header">i: </span>+<br/>
								<span class="description-header">j: </span>-<br/>
							</div>
							<span class="description-header">stack: </span>-<br/>
						</div>
					</div>
				</div>
				<div id="header-node6" class="header-hidden">
					<div class="description-title-wrapper"><span class="description-title">Results for </span><span class="description-title-text">a = +(i, j)</span></div>
					<span class="description-header">expressions: </span>[a]<br/>
					<span class="description-header">state: </span><br/>
					<div class="description-nest">
						<span class="description-header">heap: </span>monolith<br/>
						<span class="description-header">type: </span><br/>
						<div class="description-nest">
							<span class="description-header">map: </span><br/>
							<div class="description-nest">
								<span class="description-header">a: </span>[int32]<br/>
								<span class="description-header">i: </span>[int32]<br/>
								<span class="description-header">j: </span>[int32]<br/>
								<span class="description-header">this: </span>[tutorial*]<br/>
							</div>
							<span class="description-header">stack: </span>[int32]<br/>
						</div>
						<span class="description-header">value: </span><br/>
						<div class="description-nest">
							<span class="description-header">map: </span><br/>
							<div class="description-nest">
								<span class="description-header">a: </span>#TOP#<br/>
								<span class="description-header">i: </span>+<br/>
								<span class="description-header">j: </span>-<br/>
							</div>
							<span class="description-header">stack: </span>#TOP#<br/>
						</div>
					</div>
				</div>
				<div id="header-node11" class="header-hidden">
					<div class="description-title-wrapper"><span class="description-title">Results for </span><span class="description-title-text">s = -(i, j)</span></div>
					<span class="description-header">expressions: </span>[s]<br/>
					<span class="description-header">state: </span><br/>
					<div class="description-nest">
						<span class="description-header">heap: </span>monolith<br/>
						<span class="description-header">type: </span><br/>
						<div class="description-nest">
							<span class="description-header">map: </span><br/>
							<div class="description-nest">
								<span class="description-header">a: </span>[int32]<br/>
								<span class="description-header">i: </span>[int32]<br/>
								<span class="description-header">j: </span>[int32]<br/>
								<span class="description-header">s: </span>[int32]<br/>
								<span class="description-header">this: </span>[tutorial*]<br/>
							</div>
							<span class="description-header">stack: </span>[int32]<br/>
						</div>
						<span class="description-header">value: </span><br/>
						<div class="description-nest">
							<span class="description-header">map: </span><br/>
							<div class="description-nest">
								<span class="description-header">a: </span>#TOP#<br/>
								<span class="description-header">i: </span>+<br/>
								<span class="description-header">j: </span>-<br/>
								<span class="description-header">s: </span>+<br/>
							</div>
							<span class="description-header">stack: </span>+<br/>
						</div>
					</div>
				</div>
				<div id="header-node16" class="header-hidden">
					<div class="description-title-wrapper"><span class="description-title">Results for </span><span class="description-title-text">m = *(i, j)</span></div>
					<span class="description-header">expressions: </span>[m]<br/>
					<span class="description-header">state: </span><br/>
					<div class="description-nest">
						<span class="description-header">heap: </span>monolith<br/>
						<span class="description-header">type: </span><br/>
						<div class="description-nest">
							<span class="description-header">map: </span><br/>
							<div class="description-nest">
								<span class="description-header">a: </span>[int32]<br/>
								<span class="description-header">i: </span>[int32]<br/>
								<span class="description-header">j: </span>[int32]<br/>
								<span class="description-header">m: </span>[int32]<br/>
								<span class="description-header">s: </span>[int32]<br/>
								<span class="description-header">this: </span>[tutorial*]<br/>
							</div>
							<span class="description-header">stack: </span>[int32]<br/>
						</div>
						<span class="description-header">value: </span><br/>
						<div class="description-nest">
							<span class="description-header">map: </span><br/>
							<div class="description-nest">
								<span class="description-header">a: </span>#TOP#<br/>
								<span class="description-header">i: </span>+<br/>
								<span class="description-header">j: </span>-<br/>
								<span class="description-header">m: </span>-<br/>
								<span class="description-header">s: </span>+<br/>
							</div>
							<span class="description-header">stack: </span>-<br/>
						</div>
					</div>
				</div>
				<div id="header-node21" class="header-hidden">
					<div class="description-title-wrapper"><span class="description-title">Results for </span><span class="description-title-text">d = /(i, j)</span></div>
					<span class="description-header">expressions: </span>[d]<br/>
					<span class="description-header">state: </span><br/>
					<div class="description-nest">
						<span class="description-header">heap: </span>monolith<br/>
						<span class="description-header">type: </span><br/>
						<div class="description-nest">
							<span class="description-header">map: </span><br/>
							<div class="description-nest">
								<span class="description-header">a: </span>[int32]<br/>
								<span class="description-header">d: </span>[int32]<br/>
								<span class="description-header">i: </span>[int32]<br/>
								<span class="description-header">j: </span>[int32]<br/>
								<span class="description-header">m: </span>[int32]<br/>
								<span class="description-header">s: </span>[int32]<br/>
								<span class="description-header">this: </span>[tutorial*]<br/>
							</div>
							<span class="description-header">stack: </span>[int32]<br/>
						</div>
						<span class="description-header">value: </span><br/>
						<div class="description-nest">
							<span class="description-header">map: </span><br/>
							<div class="description-nest">
								<span class="description-header">a: </span>#TOP#<br/>
								<span class="description-header">d: </span>-<br/>
								<span class="description-header">i: </span>+<br/>
								<span class="description-header">j: </span>-<br/>
								<span class="description-header">m: </span>-<br/>
								<span class="description-header">s: </span>+<br/>
							</div>
							<span class="description-header">stack: </span>-<br/>
						</div>
					</div>
				</div>
				<div id="header-node26" class="header-hidden">
					<div class="description-title-wrapper"><span class="description-title">Results for </span><span class="description-title-text">ret</span></div>
					<span class="description-header">expressions: </span>[skip]<br/>
					<span class="description-header">state: </span><br/>
					<div class="description-nest">
						<span class="description-header">heap: </span>monolith<br/>
						<span class="description-header">type: </span><br/>
						<div class="description-nest">
							<span class="description-header">map: </span><br/>
							<div class="description-nest">
								<span class="description-header">a: </span>[int32]<br/>
								<span class="description-header">d: </span>[int32]<br/>
								<span class="description-header">i: </span>[int32]<br/>
								<span class="description-header">j: </span>[int32]<br/>
								<span class="description-header">m: </span>[int32]<br/>
								<span class="description-header">s: </span>[int32]<br/>
								<span class="description-header">this: </span>[tutorial*]<br/>
							</div>
							<span class="description-header">stack: </span>_|_<br/>
						</div>
						<span class="description-header">value: </span><br/>
						<div class="description-nest">
							<span class="description-header">map: </span><br/>
							<div class="description-nest">
								<span class="description-header">a: </span>#TOP#<br/>
								<span class="description-header">d: </span>-<br/>
								<span class="description-header">i: </span>+<br/>
								<span class="description-header">j: </span>-<br/>
								<span class="description-header">m: </span>-<br/>
								<span class="description-header">s: </span>+<br/>
							</div>
							<span class="description-header">stack: </span>_|_<br/>
						</div>
					</div>
				</div>
			</div>
		</div>
		<script>			
			var api;
			var layoutOptions;
			var cy = window.cy = cytoscape({
				container: $('#cy'),
				maxZoom: 100,
				zoomingEnabled: true,
				userZoomingEnabled: true,
				style: [
					{
						selector: 'node',
						css: {
							'background-color': 'white',
							'color': 'black',
							'shape': 'rectangle',
							'border-width': '1px',
							'border-style': 'solid',
							'border-color': 'darkgray',
							'content': 'data(NODE_TEXT)',
							'font-family': 'monospace',
							'font-size': '18px',
							'font-weight': 'bold',
							'text-wrap': 'wrap',
						}
					},
				    {
					    selector: 'node:selected',
					    css: {
							'border-color': 'orange',
							'border-width': '2px',
					    }
					},
					{
						selector: 'node[NODE_IS_ENTRY = "yes"]',
						css: {
							'border-width': '3px',
							'border-style': 'solid',
							'border-color': 'black',
						}
					},	
					{
						selector: 'node[NODE_IS_EXIT = "yes"]',
						css: {
							'border-width': '5px',
							'border-style': 'double',
							'border-color': 'black',
						}
					},	
					{
						selector: 'edge',
						css: {
							'curve-style': 'bezier',
							'width': 4,
							'line-color': 'black',
							'target-arrow-shape': 'triangle',
							'target-arrow-color': 'black',
							'arrow-scale': '2'
						}
					},
					{
						selector: 'edge[EDGE_KIND = "TrueEdge"]',
						css: {
							'line-color': 'blue',
							'target-arrow-color': 'blue',
						}
					},
					{
						selector: 'edge[EDGE_KIND = "FalseEdge"]',
						css: {
							'line-color': 'red',
							'target-arrow-color': 'red',
						}
					},			
				],
				
				ready: function () {
					var data = '<?xml version="1.0" encoding="UTF-8"?><graphml xmlns="http://graphml.graphdrawing.org/xmlns" xmlns:xsi="http://www.w3.org/2001/XMLSchema-instance" xsi:schemaLocation="http://graphml.graphdrawing.org/xmlns   http://graphml.graphdrawing.org/xmlns/1.0/graphml.xsd"><key id="NODE_IS_ENTRY" for="node" attr.name="NODE_IS_ENTRY" attr.type="string"/><key id="NODE_IS_EXIT" for="node" attr.name="NODE_IS_EXIT" attr.type="string"/><key id="NODE_TEXT" for="node" attr.name="NODE_TEXT" attr.type="string"/><key id="EDGE_KIND" for="edge" attr.name="EDGE_KIND" attr.type="string"/><graph id="graph" edgedefault="directed"><node id="node0"><data key="NODE_IS_ENTRY">yes</data><data key="NODE_TEXT">i = 2</data><data key="NODE_IS_EXIT">no</data></node><node id="node3"><data key="NODE_IS_ENTRY">no</data><data key="NODE_TEXT">j = -10</data><data key="NODE_IS_EXIT">no</data></node><node id="node6"><data key="NODE_IS_ENTRY">no</data><data key="NODE_TEXT">a = +(i, j)</data><data key="NODE_IS_EXIT">no</data></node><node id="node11"><data key="NODE_IS_ENTRY">no</data><data key="NODE_TEXT">s = -(i, j)</data><data key="NODE_IS_EXIT">no</data></node><node id="node16"><data key="NODE_IS_ENTRY">no</data><data key="NODE_TEXT">m = *(i, j)</data><data key="NODE_IS_EXIT">no</data></node><node id="node21"><data key="NODE_IS_ENTRY">no</data><data key="NODE_TEXT">d = /(i, j)</data><data key="NODE_IS_EXIT">no</data></node><node id="node26"><data key="NODE_IS_ENTRY">no</data><data key="NODE_TEXT">ret</data><data key="NODE_IS_EXIT">yes</data></node><edge id="edge-0-3" source="node0" target="node3" directed="true"><data key="EDGE_KIND">SequentialEdge</data></edge><edge id="edge-3-6" source="node3" target="node6" directed="true"><data key="EDGE_KIND">SequentialEdge</data></edge><edge id="edge-6-11" source="node6" target="node11" directed="true"><data key="EDGE_KIND">SequentialEdge</data></edge><edge id="edge-11-16" source="node11" target="node16" directed="true"><data key="EDGE_KIND">SequentialEdge</data></edge><edge id="edge-16-21" source="node16" target="node21" directed="true"><data key="EDGE_KIND">SequentialEdge</data></edge><edge id="edge-21-26" source="node21" target="node26" directed="true"><data key="EDGE_KIND">SequentialEdge</data></edge></graph></graphml>'
					this.graphml({layoutBy: null});
					this.graphml(data);
					
					layoutOptions = {
							name: 'breadthfirst',
							fit: false,
							directed: true,
							spacingFactor: 2.5,
					};
					var layout = this.layout(layoutOptions);
					if (layout && layout.run) {
						layout.run();
					}
					this.fit();
				}
			});
			
			function relayout() {
				var layout = cy.layout(layoutOptions);
				if (layout && layout.run) {
					layout.run();
				}
			}
			$('#relayout').on('click', function () {
				relayout();
			});
			$('#fit').on('click', function () {
				cy.fit(cy.nodes(), 50);
			});
			
			var lastsearchresult = [];
			var lastshownelement = -1;
			function centerToSearch() {
				var target = lastsearchresult[lastshownelement];
				cy.$('node:selected').unselect();
				target.select();
				cy.animate({ center: { eles: target } }, { duration: 0 });
			}

			$('#search').on('input', function (e) {
				var query = e.target.value;
				lastsearchresult = cy.nodes('[NODE_TEXT @*= "' + query + '"]');
				var hasresults = lastsearchresult.size() != 0;
				if (hasresults) {
					lastshownelement = 0;
					centerToSearch();
					e.target.classList.remove('no-results');
				} else {
					lastshownelement = -1;
					cy.$('node:selected').unselect();
					e.target.classList.add('no-results');  
				}
				
				if (query === "" || !hasresults) {
					$('#next').prop('disabled', true);
					$('#prev').prop('disabled', true);
				} else {
					$('#next').prop('disabled', false);
					$('#prev').prop('disabled', false);
				}
			});
			$('#next').on('click', function (e) {
				if (lastshownelement != -1) {
					lastshownelement = (lastshownelement + 1) % lastsearchresult.size();
					centerToSearch();
				}
			});
			$('#prev').on('click', function (e) {
				if (lastshownelement != -1) {
					lastshownelement = ((lastshownelement - 1) + lastsearchresult.size()) % lastsearchresult.size();
					centerToSearch();
				}
			});
			
			cy.on('select', 'node', function(event) {
		    	var id = event.target.id();
				$('[id^=header-]').addClass('header-hidden');
				$('#header-' + id).removeClass('header-hidden');
			});
			</script>
	</body>
</html>
