{
  "warnings" : [ ],
  "files" : [ "untyped_ae.f0(ae__this).json", "untyped_ae.f1(ae__this).json", "untyped_ae.f2(ae__this).json", "untyped_ae.f3(ae__this).json", "untyped_ae.f4(ae__this).json" ]
}